2024-11-28T10:29:28.436Z [info]: Producto con id 3 añadido al carrito
2024-11-28T10:32:27.984Z [info]: Sesión cerrada
2024-11-28T10:33:38.485Z [info]: Usuario mor_2314 autenticado
2024-11-28T10:34:25.836Z [info]: Sesión de usuario ${usuario} cerrada
2024-11-28T10:36:00.542Z [info]: Usuario mor_2314 autenticado
2024-11-28T10:36:05.066Z [info]: Sesión finalizada de usuario
2024-11-28T10:36:50.702Z [info]: Usuario mor_2314 autenticado
2024-11-28T10:36:57.409Z [info]: Producto con id 2 añadido al carrito
2024-12-11T21:16:24.797Z [info]: Rating actualizado para el producto con id 1
2024-12-11T22:57:54.146Z [info]: Usuario johnd autenticado
2024-12-11T22:58:10.685Z [info]: Producto con id 2 actualizado
2024-12-11T23:26:42.823Z [info]: Sesión finalizada de usuario
2024-12-11T23:32:12.476Z [info]: Usuario johnd autenticado
2024-12-11T23:32:24.943Z [info]: Producto con id 2 actualizado
2024-12-11T23:32:31.341Z [info]: Sesión finalizada de usuario
2024-12-11T23:33:12.780Z [info]: Usuario mor_2314 autenticado
2024-12-11T23:33:21.370Z [info]: Sesión finalizada de usuario
2024-12-12T20:05:07.481Z [info]: Rating actualizado para el producto con id 6
2024-12-12T20:05:07.487Z [info]: Rating actualizado para el producto con id 6
2024-12-12T20:05:08.985Z [info]: Rating actualizado para el producto con id 6
2024-12-12T20:05:09.818Z [info]: Rating actualizado para el producto con id 6
2024-12-12T20:05:11.591Z [info]: Rating actualizado para el producto con id 6
2024-12-12T20:05:12.273Z [info]: Rating actualizado para el producto con id 6
2024-12-12T20:05:21.424Z [info]: Rating actualizado para el producto con id 1
2024-12-12T20:05:21.436Z [info]: Rating actualizado para el producto con id 1
2024-12-12T20:05:22.901Z [info]: Rating actualizado para el producto con id 1
2024-12-12T20:05:23.527Z [info]: Rating actualizado para el producto con id 1
2024-12-12T20:05:24.149Z [info]: Rating actualizado para el producto con id 1
2024-12-12T20:05:24.929Z [info]: Rating actualizado para el producto con id 1
2024-12-12T20:05:36.075Z [info]: Rating actualizado para el producto con id 2
2024-12-12T20:05:36.095Z [info]: Rating actualizado para el producto con id 2
2024-12-12T20:05:37.620Z [info]: Rating actualizado para el producto con id 2
2024-12-12T20:05:38.459Z [info]: Rating actualizado para el producto con id 2
2024-12-12T20:05:39.156Z [info]: Rating actualizado para el producto con id 2
2024-12-12T20:05:40.302Z [info]: Rating actualizado para el producto con id 2
2024-12-12T20:05:45.277Z [info]: Rating actualizado para el producto con id 3
2024-12-12T20:05:45.286Z [info]: Rating actualizado para el producto con id 3
2024-12-12T20:41:02.298Z [info]: Rating actualizado para el producto con id 6
2024-12-12T20:44:47.198Z [info]: Rating actualizado para el producto con id 5
2024-12-12T21:00:16.538Z [info]: Rating actualizado para el producto con id 6
2024-12-12T21:00:29.248Z [info]: Rating actualizado para el producto con id 6
2024-12-12T21:01:52.361Z [info]: Rating actualizado para el producto con id 6
2024-12-12T21:02:03.979Z [info]: Rating actualizado para el producto con id 6
2024-12-12T21:15:54.497Z [info]: Rating actualizado para el producto con id 5
2024-12-12T21:16:12.861Z [info]: Rating actualizado para el producto con id 5
2024-12-12T22:00:51.068Z [info]: Rating actualizado para el producto con id 5
2024-12-12T22:01:10.249Z [info]: Rating actualizado para el producto con id 5
2024-12-12T22:04:05.474Z [info]: Rating actualizado para el producto con id 5
2024-12-12T22:04:13.846Z [info]: Rating actualizado para el producto con id 1
2024-12-12T22:04:16.306Z [info]: Rating actualizado para el producto con id 1
2024-12-12T22:08:20.871Z [info]: Rating actualizado para el producto con id 5
2024-12-12T22:23:51.588Z [info]: Rating actualizado para el producto con id 1
2024-12-12T22:28:22.721Z [info]: Rating actualizado para el producto con id 1
2024-12-12T22:28:25.118Z [info]: Rating actualizado para el producto con id 1
2024-12-12T22:34:07.171Z [info]: Rating actualizado para el producto con id 1
2024-12-12T22:34:12.252Z [info]: Rating actualizado para el producto con id 1
2024-12-12T22:34:13.265Z [info]: Rating actualizado para el producto con id 1
2024-12-12T22:34:13.989Z [info]: Rating actualizado para el producto con id 1
2024-12-12T22:34:14.392Z [info]: Rating actualizado para el producto con id 1
2024-12-12T22:35:48.510Z [info]: Rating actualizado para el producto con id 1
2024-12-12T22:38:14.146Z [info]: Rating actualizado para el producto con id 1
2024-12-13T09:32:55.604Z [info]: Rating actualizado para el producto con id 6
2024-12-13T09:33:19.435Z [info]: Usuario johnd autenticado
2024-12-13T09:33:30.478Z [info]: Producto con id 5 actualizado
2024-12-13T09:33:36.469Z [info]: Sesión finalizada de usuario
2024-12-13T09:33:59.281Z [info]: Usuario mor_2314 autenticado
2024-12-13T09:34:06.069Z [info]: Producto con id 5 añadido al carrito
2024-12-13T09:36:09.839Z [info]: Rating actualizado para el producto con id 1
2024-12-13T12:39:54.773Z [info]: Rating actualizado para el producto con id 4
2024-12-13T12:39:55.166Z [info]: Rating actualizado para el producto con id 4
2024-12-13T12:40:01.670Z [info]: Rating actualizado para el producto con id 4
2024-12-13T12:40:02.445Z [info]: Rating actualizado para el producto con id 4
2024-12-13T12:40:02.853Z [info]: Rating actualizado para el producto con id 4
2024-12-13T12:40:03.258Z [info]: Rating actualizado para el producto con id 4
2024-12-13T12:40:03.761Z [info]: Rating actualizado para el producto con id 4
2024-12-13T12:40:04.193Z [info]: Rating actualizado para el producto con id 4
2024-12-13T12:40:04.573Z [info]: Rating actualizado para el producto con id 4
2024-12-13T12:40:04.952Z [info]: Rating actualizado para el producto con id 4
2024-12-13T12:40:05.320Z [info]: Rating actualizado para el producto con id 4
2024-12-13T12:40:05.690Z [info]: Rating actualizado para el producto con id 4
2024-12-13T12:40:06.088Z [info]: Rating actualizado para el producto con id 4
2024-12-13T12:40:06.438Z [info]: Rating actualizado para el producto con id 4
2024-12-13T12:40:06.806Z [info]: Rating actualizado para el producto con id 4
2024-12-13T12:40:07.170Z [info]: Rating actualizado para el producto con id 4
2024-12-13T12:40:07.762Z [info]: Rating actualizado para el producto con id 4
2024-12-13T12:40:08.598Z [info]: Rating actualizado para el producto con id 4
2024-12-13T12:40:09.172Z [info]: Rating actualizado para el producto con id 4
2024-12-13T12:40:09.536Z [info]: Rating actualizado para el producto con id 4
2024-12-13T12:40:09.933Z [info]: Rating actualizado para el producto con id 4
2024-12-13T12:40:10.352Z [info]: Rating actualizado para el producto con id 4
2024-12-13T12:40:10.756Z [info]: Rating actualizado para el producto con id 4
2024-12-13T12:40:11.110Z [info]: Rating actualizado para el producto con id 4
2024-12-13T12:40:11.494Z [info]: Rating actualizado para el producto con id 4
2024-12-13T12:40:11.906Z [info]: Rating actualizado para el producto con id 4
2024-12-13T12:40:12.276Z [info]: Rating actualizado para el producto con id 4
2024-12-13T12:40:12.638Z [info]: Rating actualizado para el producto con id 4
2024-12-13T12:40:13.031Z [info]: Rating actualizado para el producto con id 4
2024-12-13T12:40:13.394Z [info]: Rating actualizado para el producto con id 4
2024-12-13T12:40:13.762Z [info]: Rating actualizado para el producto con id 4
2024-12-13T12:40:14.113Z [info]: Rating actualizado para el producto con id 4
2024-12-13T12:40:14.483Z [info]: Rating actualizado para el producto con id 4
2024-12-13T12:40:14.832Z [info]: Rating actualizado para el producto con id 4
2024-12-13T12:40:15.215Z [info]: Rating actualizado para el producto con id 4
2024-12-13T12:40:15.608Z [info]: Rating actualizado para el producto con id 4
2024-12-13T12:40:15.969Z [info]: Rating actualizado para el producto con id 4
2024-12-13T12:40:16.368Z [info]: Rating actualizado para el producto con id 4
2024-12-13T12:40:16.753Z [info]: Rating actualizado para el producto con id 4
2024-12-13T12:40:17.135Z [info]: Rating actualizado para el producto con id 4
2024-12-13T12:40:17.519Z [info]: Rating actualizado para el producto con id 4
2024-12-13T12:40:17.910Z [info]: Rating actualizado para el producto con id 4
2024-12-13T12:40:18.293Z [info]: Rating actualizado para el producto con id 4
2024-12-13T12:40:18.748Z [info]: Rating actualizado para el producto con id 4
2024-12-13T12:40:19.150Z [info]: Rating actualizado para el producto con id 4
2024-12-13T12:40:19.534Z [info]: Rating actualizado para el producto con id 4
2024-12-13T12:40:19.925Z [info]: Rating actualizado para el producto con id 4
2024-12-13T12:40:20.309Z [info]: Rating actualizado para el producto con id 4
2024-12-13T12:40:20.712Z [info]: Rating actualizado para el producto con id 4
2024-12-13T12:40:21.146Z [info]: Rating actualizado para el producto con id 4
2024-12-13T12:40:21.515Z [info]: Rating actualizado para el producto con id 4
2024-12-13T12:40:21.905Z [info]: Rating actualizado para el producto con id 4
2024-12-13T12:40:22.303Z [info]: Rating actualizado para el producto con id 4
2024-12-13T12:40:22.715Z [info]: Rating actualizado para el producto con id 4
2024-12-13T12:40:23.098Z [info]: Rating actualizado para el producto con id 4
2024-12-13T12:40:23.474Z [info]: Rating actualizado para el producto con id 4
2024-12-13T12:40:23.852Z [info]: Rating actualizado para el producto con id 4
2024-12-13T12:40:24.227Z [info]: Rating actualizado para el producto con id 4
2024-12-13T12:40:24.607Z [info]: Rating actualizado para el producto con id 4
2024-12-13T12:40:25.024Z [info]: Rating actualizado para el producto con id 4
2024-12-13T12:40:25.421Z [info]: Rating actualizado para el producto con id 4
2024-12-13T12:40:25.807Z [info]: Rating actualizado para el producto con id 4
2024-12-13T12:40:26.150Z [info]: Rating actualizado para el producto con id 4
2024-12-13T12:40:39.383Z [info]: Rating actualizado para el producto con id 4
2024-12-13T12:40:39.773Z [info]: Rating actualizado para el producto con id 4
2024-12-13T12:40:40.184Z [info]: Rating actualizado para el producto con id 4
2024-12-13T12:40:40.583Z [info]: Rating actualizado para el producto con id 4
2024-12-13T12:40:40.979Z [info]: Rating actualizado para el producto con id 4
2024-12-13T12:40:41.357Z [info]: Rating actualizado para el producto con id 4
2024-12-13T12:40:41.754Z [info]: Rating actualizado para el producto con id 4
2024-12-13T12:40:42.123Z [info]: Rating actualizado para el producto con id 4
2024-12-13T12:40:42.511Z [info]: Rating actualizado para el producto con id 4
